// Jest Snapshot v1, https://goo.gl/fbAQLP

exports[`components ListOfCompany Should match to Snapshot 1`] = `
<div
  className="companies"
>
  <div
    className="filter"
  >
    <button
      className="active"
      onClick={[Function]}
      type="button"
    >
      all
    </button>
    <button
      className=""
      onClick={[Function]}
      type="button"
    >
      a
    </button>
    <button
      className=""
      onClick={[Function]}
      type="button"
    >
      b
    </button>
    <button
      className=""
      onClick={[Function]}
      type="button"
    >
      c
    </button>
    <button
      className=""
      onClick={[Function]}
      type="button"
    >
      d
    </button>
    <button
      className=""
      onClick={[Function]}
      type="button"
    >
      e
    </button>
    <button
      className=""
      onClick={[Function]}
      type="button"
    >
      f
    </button>
    <button
      className=""
      onClick={[Function]}
      type="button"
    >
      g
    </button>
    <button
      className=""
      onClick={[Function]}
      type="button"
    >
      h
    </button>
    <button
      className=""
      onClick={[Function]}
      type="button"
    >
      i
    </button>
    <button
      className=""
      onClick={[Function]}
      type="button"
    >
      j
    </button>
    <button
      className=""
      onClick={[Function]}
      type="button"
    >
      k
    </button>
    <button
      className=""
      onClick={[Function]}
      type="button"
    >
      l
    </button>
    <button
      className=""
      onClick={[Function]}
      type="button"
    >
      m
    </button>
    <button
      className=""
      onClick={[Function]}
      type="button"
    >
      n
    </button>
    <button
      className=""
      onClick={[Function]}
      type="button"
    >
      o
    </button>
    <button
      className=""
      onClick={[Function]}
      type="button"
    >
      p
    </button>
    <button
      className=""
      onClick={[Function]}
      type="button"
    >
      q
    </button>
    <button
      className=""
      onClick={[Function]}
      type="button"
    >
      r
    </button>
    <button
      className=""
      onClick={[Function]}
      type="button"
    >
      s
    </button>
    <button
      className=""
      onClick={[Function]}
      type="button"
    >
      t
    </button>
    <button
      className=""
      onClick={[Function]}
      type="button"
    >
      u
    </button>
    <button
      className=""
      onClick={[Function]}
      type="button"
    >
      v
    </button>
    <button
      className=""
      onClick={[Function]}
      type="button"
    >
      w
    </button>
    <button
      className=""
      onClick={[Function]}
      type="button"
    >
      x
    </button>
    <button
      className=""
      onClick={[Function]}
      type="button"
    >
      y
    </button>
    <button
      className=""
      onClick={[Function]}
      type="button"
    >
      z
    </button>
  </div>
  <button
    className="company-list"
    onClick={[Function]}
    type="button"
  >
    <h1 />
    <span>
      (undefined)
    </span>
  </button>
</div>
`;
